pro10_10/gam01073.ans
verify_squares: Puzzle has no answer
solve_bap
verify_squares: Puzzle has no answer
solve_bap
verify_squares: Puzzle has no answer
solve_bap

  - - - - - - - - - -
 |. ^ . . . ^ . . . .|2
 |. + . O . v . < + >|6
 |. v . . . . . . . .|1
 |. . . . . . . . . .|0
 |. ^ . . . . . ^ . .|2
 |. v . . . O . + . .|3
 |. . . . . . . + . .|1
 |. . . . . . . v . .|1
 |. ^ . . . . . . . .|1
 |. v . . . . O . O .|3
  - - - - - - - - - -
  0 7 0 1 0 3 1 5 2 1 

EXPLANATION
-----------
read problem
fill with water row 4 and columns 1 3 5 
fill blanks that must be ship in row 2 
fill with water column 4 
identify ship parts
fill blanks that must be ship in row 2 
fill with water row 2 and column 10 
identify ship parts
fill blanks with ship in row 1 
identify ship parts
must be water in square at intersection of row 5 and column 7 
must be water in square at intersection of row 7 and column 7 
must be water in square at intersection of row 7 and column 9 
must be water in square at intersection of row 8 and column 7 
must be water in square at intersection of row 8 and column 9 
must be water in square at intersection of row 9 and column 7 
must be water in square at intersection of row 9 and column 9 
guess battleship is in column starting at row 5 and column 8 
fill with water rows 7 8 and column 8 
fill blanks with ship in row 6 and columns 2 7 9 
fill with water rows 3 5 10 
identify ship parts
