-------------------
|3 8 1|2 4 7|6 9 5|
|4 6 5|8 9 1|7 3 2|
|7 2 9|5 3 6|8 4 1|
-------------------
|8 9 3|1 5 4|2 7 6|
|6 5 7|3 2 9|4 1 8|
|1 4 2|6 7 8|9 5 3|
-------------------
|2 3 4|7 6 5|1 8 9|
|5 7 8|9 1 2|3 6 4|
|9 1 6|4 8 3|5 2 7|
-------------------

EXPLANATION
-----------
read problem
Put 7 at row 7 and column 4. It fits nowhere else in that row.
Put 6 at row 7 and column 5. It fits nowhere else in that row.
Put 6 at row 9 and column 3. It fits nowhere else in that row.
Put 4 at row 9 and column 4. It fits nowhere else in that column.
Put 2 at row 9 and column 8. It's the only digit that fits.
Put 3 at row 9 and column 6. It's the only digit that fits.
Put 2 at row 8 and column 6. It's the only digit that fits.
Put 9 at row 5 and column 6. It's the only digit that fits.
Put 1 at row 8 and column 5. It's the only digit that fits.
Put 5 at row 9 and column 7. It's the only digit that fits.
Put 1 at row 9 and column 2. It's the only digit that fits.
Put 3 at row 3 and column 5. It fits nowhere else in that row.
Put 9 at row 2 and column 5. It fits nowhere else in that column.
Put 8 at row 7 and column 8. It fits nowhere else in that column.
Put 2 at row 7 and column 1. It's the only digit that fits.
Put 3 at row 7 and column 2. It's the only digit that fits.
Put 9 at row 7 and column 9. It's the only digit that fits.
Put 9 at row 6 and column 7. It fits nowhere else in that row.
Put 3 at row 6 and column 9. It fits nowhere else in that row.
Put 4 at row 8 and column 9. It's the only digit that fits.
Put 2 at row 2 and column 9. It's the only digit that fits.
Put 3 at row 8 and column 7. It's the only digit that fits.
Put 3 at row 4 and column 3. It fits nowhere else in that row.
Only digits 2 and 5 fit in (row 4, col 5) and (row 5, col 5).
  Remove 2 and 5 from choices for other squares in that box.
In row 6, digit 4 fits only in box 4, columns 1 and 2.
  Remove 4 from choices in other rows of box 4.
Put 5 at row 5 and column 2. It's the only digit that fits.
Put 2 at row 5 and column 5. It's the only digit that fits.
Put 5 at row 4 and column 5. It's the only digit that fits.
Put 2 at row 4 and column 7. It fits nowhere else in that row.
Put 6 at row 1 and column 7. It fits nowhere else in that column.
Put 1 at row 3 and column 9. It's the only digit that fits.
Put 6 at row 4 and column 9. It's the only digit that fits.
Put 1 at row 1 and column 3. It fits nowhere else in that row.
Put 7 at row 5 and column 3. It's the only digit that fits.
Put 4 at row 5 and column 7. It's the only digit that fits.
Put 7 at row 2 and column 7. It's the only digit that fits.
Put 9 at row 1 and column 8. It's the only digit that fits.
Put 4 at row 3 and column 8. It's the only digit that fits.
Put 2 at row 3 and column 2. It's the only digit that fits.
Put 8 at row 1 and column 2. It's the only digit that fits.
Put 2 at row 1 and column 4. It's the only digit that fits.
Put 7 at row 1 and column 6. It's the only digit that fits.
Put 5 at row 2 and column 3. It's the only digit that fits.
Put 4 at row 2 and column 1. It's the only digit that fits.
Put 8 at row 2 and column 4. It's the only digit that fits.
Put 7 at row 3 and column 1. It's the only digit that fits.
Put 9 at row 3 and column 3. It's the only digit that fits.
Put 6 at row 3 and column 6. It's the only digit that fits.
Put 5 at row 3 and column 4. It's the only digit that fits.
Put 1 at row 4 and column 4. It's the only digit that fits.
Put 8 at row 4 and column 1. It's the only digit that fits.
Put 7 at row 4 and column 8. It's the only digit that fits.
Put 1 at row 5 and column 8. It's the only digit that fits.
Put 1 at row 6 and column 1. It's the only digit that fits.
Put 4 at row 6 and column 2. It's the only digit that fits.
Put 6 at row 6 and column 4. It's the only digit that fits.
Put 8 at row 6 and column 6. It's the only digit that fits.
Put 5 at row 8 and column 1. It's the only digit that fits.
Put 8 at row 8 and column 3. It's the only digit that fits.
