-------------------
|8 2 3|6 5 7|1 9 4|
|5 7 9|8 4 1|6 2 3|
|4 1 6|3 9 2|8 7 5|
-------------------
|2 3 7|1 8 5|4 6 9|
|1 4 5|7 6 9|2 3 8|
|6 9 8|4 2 3|7 5 1|
-------------------
|3 6 4|9 7 8|5 1 2|
|9 8 2|5 1 6|3 4 7|
|7 5 1|2 3 4|9 8 6|
-------------------

EXPLANATION
-----------
read problem
Put 4 at row 1 and column 9. It fits nowhere else in that row.
Put 3 at row 1 and column 3. It fits nowhere else in that row.
Put 8 at row 3 and column 7. It fits nowhere else in that row.
Put 9 at row 4 and column 9. It fits nowhere else in that row.
Put 8 at row 5 and column 9. It fits nowhere else in that row.
Put 1 at row 5 and column 1. It fits nowhere else in that row.
Put 4 at row 8 and column 8. It fits nowhere else in that column.
Put 1 at row 6 and column 9. It fits nowhere else in that column.
In box 1, digit 9 fits only in column 3 and rows 2 and 3.
  Remove 9 from the choices in rows 7 8.
In box 3, digit 6 fits only in row 2 and columns 7 and 9.
  Remove 6 from the choices in columns 2 3 4 6.
In box 6, digit 2 fits only in row 5 and columns 7 and 8.
  Remove 2 from the choices in columns 3.
In box 6, digit 7 fits only in row 6 and columns 7 and 8.
  Remove 7 from the choices in columns 1.
Put 6 at row 6 and column 1. It's the only digit that fits.
Put 6 at row 5 and column 5. It fits nowhere else in that row.
Put 3 at row 9 and column 5. It fits nowhere else in that column.
Put 6 at row 9 and column 9. It's the only digit that fits.
Put 3 at row 2 and column 9. It's the only digit that fits.
Put 9 at row 9 and column 7. It's the only digit that fits.
Put 5 at row 7 and column 7. It's the only digit that fits.
Put 3 at row 8 and column 7. It's the only digit that fits.
Put 2 at row 5 and column 7. It's the only digit that fits.
Put 7 at row 6 and column 7. It's the only digit that fits.
Put 6 at row 2 and column 7. It's the only digit that fits.
Put 9 at row 8 and column 1. It fits nowhere else in that column.
Put 8 at row 8 and column 2. It fits nowhere else in that row.
Put 7 at row 2 and column 2. It's the only digit that fits.
Put 8 at row 1 and column 1. It's the only digit that fits.
Put 9 at row 2 and column 3. It's the only digit that fits.
Put 2 at row 2 and column 8. It's the only digit that fits.
Put 1 at row 2 and column 6. It's the only digit that fits.
Put 8 at row 2 and column 4. It's the only digit that fits.
Put 6 at row 3 and column 3. It's the only digit that fits.
Put 7 at row 3 and column 8. It's the only digit that fits.
Put 9 at row 3 and column 5. It's the only digit that fits.
Put 2 at row 3 and column 6. It's the only digit that fits.
Put 3 at row 4 and column 2. It's the only digit that fits.
Put 5 at row 4 and column 6. It's the only digit that fits.
Put 1 at row 4 and column 4. It's the only digit that fits.
Put 4 at row 5 and column 2. It's the only digit that fits.
Put 5 at row 5 and column 3. It's the only digit that fits.
Put 3 at row 5 and column 8. It's the only digit that fits.
Put 4 at row 6 and column 4. It's the only digit that fits.
Put 3 at row 6 and column 6. It's the only digit that fits.
Put 5 at row 6 and column 8. It's the only digit that fits.
Put 6 at row 7 and column 2. It's the only digit that fits.
Put 9 at row 7 and column 4. It's the only digit that fits.
Put 7 at row 7 and column 5. It's the only digit that fits.
Put 5 at row 1 and column 5. It's the only digit that fits.
Put 6 at row 1 and column 4. It's the only digit that fits.
Put 7 at row 1 and column 6. It's the only digit that fits.
Put 4 at row 7 and column 3. It's the only digit that fits.
Put 2 at row 8 and column 3. It's the only digit that fits.
Put 7 at row 4 and column 3. It's the only digit that fits.
Put 2 at row 4 and column 1. It's the only digit that fits.
Put 5 at row 8 and column 4. It's the only digit that fits.
Put 6 at row 8 and column 6. It's the only digit that fits.
Put 7 at row 9 and column 1. It's the only digit that fits.
Put 2 at row 9 and column 4. It's the only digit that fits.
Put 4 at row 9 and column 6. It's the only digit that fits.
