-------------------
|5 7 4|1 2 3|9 6 8|
|6 8 1|4 7 9|5 3 2|
|2 3 9|6 5 8|7 4 1|
-------------------
|4 9 7|2 6 5|1 8 3|
|3 2 6|9 8 1|4 7 5|
|8 1 5|3 4 7|2 9 6|
-------------------
|1 5 8|7 3 4|6 2 9|
|7 6 3|5 9 2|8 1 4|
|9 4 2|8 1 6|3 5 7|
-------------------

EXPLANATION
-----------
read problem
Put 9 at row 3 and column 3. It fits nowhere else in that row.
Put 9 at row 1 and column 7. It fits nowhere else in that row.
Put 1 at row 3 and column 9. It fits nowhere else in that row.
Put 9 at row 8 and column 5. It fits nowhere else in that row.
Put 9 at row 5 and column 4. It fits nowhere else in that row.
Put 9 at row 9 and column 1. It fits nowhere else in that row.
Put 5 at row 2 and column 7. It fits nowhere else in that column.
Put 8 at row 1 and column 9. It fits nowhere else in that box.
Put 5 at row 4 and column 6. It fits nowhere else in that box.
Put 4 at row 4 and column 1. It's the only digit that fits.
Put 7 at row 4 and column 3. It's the only digit that fits.
Put 3 at row 4 and column 9. It's the only digit that fits.
Put 1 at row 4 and column 7. It's the only digit that fits.
Put 6 at row 6 and column 9. It's the only digit that fits.
Put 2 at row 6 and column 7. It's the only digit that fits.
Put 4 at row 5 and column 7. It's the only digit that fits.
Put 7 at row 5 and column 8. It's the only digit that fits.
Put 5 at row 6 and column 3. It's the only digit that fits.
Put 8 at row 6 and column 1. It's the only digit that fits.
Put 3 at row 6 and column 4. It's the only digit that fits.
Put 4 at row 8 and column 9. It's the only digit that fits.
Put 7 at row 9 and column 9. It's the only digit that fits.
Put 5 at row 3 and column 5. It fits nowhere else in that row.
Put 5 at row 1 and column 1. It fits nowhere else in that row.
In column 8, only digits 3 and 6 fit in rows 1 and 2.
  Remove those digits from the choices in rows 7 8.
In box 7, digit 4 fits only in row 9 and columns 2 and 3.
  Remove 4 from the choices in columns 4.
Put 8 at row 9 and column 4. It's the only digit that fits.
Put 6 at row 3 and column 4. It's the only digit that fits.
Put 3 at row 9 and column 7. It's the only digit that fits.
Put 6 at row 7 and column 7. It's the only digit that fits.
Put 1 at row 7 and column 1. It's the only digit that fits.
Put 6 at row 2 and column 1. It's the only digit that fits.
Put 3 at row 2 and column 8. It's the only digit that fits.
Put 6 at row 1 and column 8. It's the only digit that fits.
Put 2 at row 7 and column 8. It's the only digit that fits.
Put 8 at row 8 and column 7. It's the only digit that fits.
Put 1 at row 8 and column 8. It's the only digit that fits.
Put 1 at row 2 and column 3. It fits nowhere else in that row.
Put 1 at row 9 and column 5. It fits nowhere else in that row.
Put 8 at row 5 and column 5. It's the only digit that fits.
Put 7 at row 2 and column 5. It's the only digit that fits.
Put 4 at row 2 and column 4. It's the only digit that fits.
Put 8 at row 2 and column 2. It's the only digit that fits.
Put 3 at row 3 and column 2. It's the only digit that fits.
Put 4 at row 1 and column 3. It's the only digit that fits.
Put 8 at row 3 and column 6. It's the only digit that fits.
Put 1 at row 5 and column 6. It's the only digit that fits.
Put 7 at row 7 and column 4. It's the only digit that fits.
Put 3 at row 7 and column 5. It's the only digit that fits.
Put 2 at row 1 and column 5. It's the only digit that fits.
Put 3 at row 1 and column 6. It's the only digit that fits.
Put 4 at row 7 and column 6. It's the only digit that fits.
Put 2 at row 8 and column 6. It's the only digit that fits.
Put 6 at row 8 and column 2. It's the only digit that fits.
Put 2 at row 5 and column 2. It's the only digit that fits.
Put 6 at row 5 and column 3. It's the only digit that fits.
Put 3 at row 8 and column 3. It's the only digit that fits.
Put 4 at row 9 and column 2. It's the only digit that fits.
Put 2 at row 9 and column 3. It's the only digit that fits.
