                    1
                 1112
              3122122112133
             433111111111342
             ---------------
           6|....XXXXXX.....|
        1  1|...X......X....|
        2  2|..XX......XX...|
        1  1|.X..........X..|
        1  1|.X..........X..|
  2  1  1  2|XX..X..X....XX.|
  1  1  1  1|X...X..X.....X.|
        1  2|X............XX|
        2  1|XX............X|
     1  3  1|.X...XXX.....X.|
     2  2  1|.XX...XX.....X.|
        1  1|..X..........X.|
     1  3  2|..X..XXX....XX.|
     2  2  1|...XX...XX..X..|
           3|..........XXX..|
             ---------------


EXPLANATION
-----------
read problem
mark empty corner squares in rows 1 2 15 
mark empty edge squares in rows 1 15 and column 1 
mark empty corner squares in row 15 
mark surely full squares and empties in column 1 
mark surely full squares and empties in row 6 
mark surely empty squares in row 6 
mark empty corner squares in rows 14 15 
mark empty square where full impossible at row 2 and column 7 
mark empty square where full impossible at row 2 and column 8 
mark empty square where full impossible at row 2 and column 14 
mark empty square where full impossible at row 4 and column 3 
mark empty square where full impossible at row 4 and column 15 
mark empty square where full impossible at row 5 and column 3 
mark empty square where full impossible at row 5 and column 15 
mark empty square where full impossible at row 8 and column 3 
mark empty square where full impossible at row 9 and column 3 
mark surely full squares and empties in column 3 
mark surely empty squares in row 12 
mark empty squares where no room in column 2 
mark empty square where full impossible at row 10 and column 13 
mark full square where empty impossible at row 10 and column 14 
mark surely empty squares in row 10 and column 14 
mark empty square where full impossible at row 11 and column 13 
mark full square where empty impossible at row 11 and column 14 
mark surely empty squares in row 11 
mark empty edge squares in column 15 
mark empty square where full impossible at row 12 and column 9 
mark empty square where full impossible at row 12 and column 10 
mark empty square where full impossible at row 12 and column 12 
mark empty square where full impossible at row 13 and column 4 
mark full square where empty impossible at row 13 and column 13 
mark surely full squares and empties in column 13 
mark surely empty squares in row 13 
mark empty squares where no room in column 15 
mark surely empty squares in row 14 
mark empty square where full impossible at row 10 and column 3 
mark surely full squares and empties in column 3 
mark empty square where full impossible at row 12 and column 5 
mark empty square where full impossible at row 12 and column 6 
mark empty square where full impossible at row 12 and column 7 
mark empty square where full impossible at row 12 and column 8 
mark empty square where full impossible at row 2 and column 15 
mark surely empty squares in column 15 
mark empty square where full impossible at row 3 and column 14 
mark surely full squares and empties in column 14 
mark full square where empty impossible at row 1 and column 7 
mark surely empty squares in row 1 
mark empty square where full impossible at row 2 and column 13 
mark empty square where full impossible at row 3 and column 13 
mark empty square where full impossible at row 2 and column 6 
mark empty square where full impossible at row 2 and column 9 
mark empty square where full impossible at row 4 and column 12 
mark empty square where full impossible at row 5 and column 12 
mark empty square where full impossible at row 6 and column 12 
mark empty square where full impossible at row 9 and column 14 
mark surely full squares and empties in column 14 
mark surely full squares and empties in row 12 and column 13 
mark surely empty squares in row 13 
mark surely full squares and empties in row 15 
mark surely empty squares in column 11 
mark empty square where full impossible at row 10 and column 12 
mark full square where empty impossible at row 11 and column 3 
mark surely empty squares in column 3 
mark empty square where full impossible at row 1 and column 2 
mark surely full squares and empties in row 1 
mark empty edge squares in column 1 
mark surely full squares and empties in column 1 
mark surely full squares and empties in row 9 and column 2 
mark surely empty squares in rows 7 8 and column 2 
mark surely full squares and empties in column 2 
mark surely empty squares in row 11 
mark empty square where full impossible at row 3 and column 7 
mark full square where empty impossible at row 1 and column 5 
mark surely full squares and empties in row 1 
mark surely empty squares in row 1 and column 5 
mark empty square where full impossible at row 3 and column 5 
mark empty squares where no room in row 3 
mark empty square where full impossible at row 1 and column 3 
mark surely full squares and empties in row 1 
mark empty square where full impossible at row 1 and column 4 
mark surely full squares and empties in row 1 
mark surely empty squares in column 10 
mark empty square where full impossible at row 2 and column 3 
mark surely full squares and empties in row 2 and column 4 
mark surely empty squares in column 4 
mark surely full squares and empties in row 3 and column 3 
mark empty square where full impossible at row 3 and column 8 
mark full square where empty impossible at row 2 and column 11 
mark surely full squares and empties in row 2 and column 11 
mark empty squares where no room in row 11 
mark surely empty squares in row 3 
mark empty square where full impossible at row 3 and column 10 
mark surely full squares and empties in row 3 and column 12 
mark empty square where full impossible at row 4 and column 5 
mark empty square where full impossible at row 4 and column 6 
mark empty square where full impossible at row 4 and column 7 
mark empty square where full impossible at row 4 and column 8 
mark empty square where full impossible at row 4 and column 9 
mark empty square where full impossible at row 4 and column 10 
mark full square where empty impossible at row 4 and column 13 
mark surely full squares and empties in row 4 and columns 13 14 
mark surely full squares and empties in row 5 and columns 8 14 
mark surely empty squares in rows 6 7 
mark surely full squares and empties in row 8 and columns 8 15 
mark surely empty squares in row 10 
mark surely full squares and empties in row 9 and columns 5 8 
mark surely full squares and empties in rows 6 7 and columns 4 7 
mark surely empty squares in row 11 
mark surely full squares and empties in rows 11 14 and columns 5 6 
mark surely empty squares in rows 10 14 
mark surely full squares and empties in rows 10 13 and columns 6 8 
mark empty squares where no room in row 14 
mark surely full squares and empties in rows 13 14 
