                   2
                  12
                 3211111
                 42241222  865
                131113311481539
                ---------------
             10|...XXXXXXXXXX..|
           2  6|..XX....XXXXXX.|
           1  6|.X.......XXXXXX|
           1  6|.X.......XXXXXX|
           2  5|.XX.......XXXXX|
        2  4  5|..XX.XXXX.XXXXX|
  1  1  2  2  1|.X.X..XX..XX..X|
        1  2  1|.X........XX..X|
        1  2  1|.X.XX.........X|
        1  1  2|.X..X........XX|
           3  4|...XXX.....XXXX|
           6  2|.XXXXXX.....XX.|
        3  3  1|XXX..XXX....X..|
        1  1  1|.X....X.....X..|
           3  1|..XXX.......X..|
                ---------------
