                                                            1
                                   1                        212 1
                                11 2  32                  12371122   1
                            2  233652 21    22          22441125257114
                           22 2357215612b14224          314311481112313
                           43925226333223222224112     24411112212111143
                           32b511133592322231122122  22311111121121211113
                          84112112125433111112431122 441111111121121112215
                          7111111271121121121112111231111111111211111111157
                         e6443352232633323111211134674442222211111111133411
                         --------------------------------------------------
                       5|.....XXXXX........................................|
                    3  3|....XXX..XXX......................................|
                 2  1  2|...XX....X.XX.....................................|
                 3  1  2|..XXX....X..XX....................................|
              2  1  1  2|.XX.X....X..XX....................................|
              1  1  1  3|.X..X....X..XXX...................................|
           1  1  1  2  2|.X..X...X..XX.XX..................................|
           1  1  2  2  1|.X..X..XX..XX..X..................................|
        1  1  2  1  1  3|.X..X..XX..X...X...................XXX............|
     1  2  2  1  1  2  2|.X.XX.XX...X...X.................XX..XX...........|
        3  1  2  3  3  1|.XXX..X...XX.XXX..................XXX..X..........|
     2  3  2  2  1  3  1|.XX.XXX..XX.XX.X...................XXX..X.........|
     4  2  2  2  1  1  2|..XXXX..XX.XX.XX....................X.X.XX........|
        3  3  6  1  1  1|..XXX.XXX..XXXXXX...................X.X..X........|
        9  1  1  1  1  1|...XXXXXXXXX...X.X..................X.X..X........|
        7  1  1  1  1  1|....XXXXXXX....X.X..................X.X..X........|
           7  4  1  2  1|....XXXXXXX....XXXX.................X.XX.X........|
              9  9  1  3|....XXXXXXXXX...XXXXXXXXX............X.XXX........|
     2  6  1  3  2  2  2|....XX..XXXXXX.X...XXX..XX...........XX.XX........|
     1  1  5  1  2  1  1|....X....X.XXXXX.....X...XX...........X.X.........|
     1  3  2  2  3  1  1|....X.....XXX.XX....XX....XXX.........X.X.........|
        2  2  1  4  1  3|...XX......XX.......X......XXXX....X..XXX.........|
        2  1  1  2  7  3|..XX........X.......X.....XX.XXXXXXX.XXX..........|
        1  1  2  2  5  2|..X.........X......XX....XX....XXXXX.XX...........|
        2  1  2  2  2  2|.XX.........X.....XX....XX.......XX..XX...........|
        1  3  2  2  3 15|.X....XXX...XX...XX...XXX......XXXXXXXXXXXXXXX....|
     2  3  1  2  2  1  1|XX.....XXX...X..XX...XX........X.............X....|
  2  1  3  2  3  2  1  3|XX.......X....XXX...XX.........XXX...XX.X..XXX....|
           2  2  2  2 13|XX.......XX...XX...XX...........XXXXXXXXXXXXX.....|
        2  1  1  2  4  4|XX........X...X...XX...........XXXX.......XXXX....|
           3  2  2  7  3|XXX.......XX.....XX...........XXXXXXX.......XXX...|
     1  1  1  2  6  3  3|X.X......X.XX...XXXXXX.......XXX.............XXX..|
        1  1  5  2 10  9|X.X........XXXXX.....XX.....XXXXXXXXXX..XXXXXXXXX.|
     1  4  6  2  2  4  2|X.XXXX...XXXXXX......XX.....XX.......XXXX......XX.|
        1 10  6  8  4  2|X....XXXXXXXXXX.....XXXXXX.XXXXXXXX.......XXXX..XX|
     1  2  6  3  2  1  2|X........XX....XXXXXX.....XXX............XX...X.XX|
        2  2  2  2  4  2|XX......XX....XX..........XX..........XXXX......XX|
             14 13  4  1|XXXXXXXXXXXXXX............XXXXXXXXXXXXX.....XXXX.X|
        2  2  1  6  2  2|XX.......XX.X.........XXXXXX.................XX.XX|
        3  2  1  1  4  3|XXX.....XX.X..........X..XXXX..................XXX|
     3  3  1  3  6  9  2|.XXX..XXX..X.......XXX..XXXXXX........XXXXXXXXX.XX|
     6  2  2  2  4  6  2|.XXXXXX...XX.....XX.....XX..XXXX.XXXXXX........XX.|
  5  1  4  1  1  2  3  7|..XXXXX..X.XXXX.X.X....XX...XXX...........XXXXXXX.|
             14  3  7  3|...XXXXXXXXXXXXXX...XXX......XXXXXXX.........XXX..|
                   15 20|......XXXXXXXXXXXXXXX.........XXXXXXXXXXXXXXXXXXXX|
                         --------------------------------------------------
