                                                        3       1
                                                      8 254     33
                                         96        6554614357   44
                                     2   2254      4411123223a7421
                                    3239 1111      11411113124961154
                                  1528b1 1111  3334222221111111211447
                                  376134a1131531355122412111113111134
                                  62131145468121133121142322111115a2312
                                 22222212463477632142715216544434222265
                               9de1223457542154321111111111111111111132
                               ----------------------------------------
                       5  1  3|..............XXXXX.X.XXX...............|
                         19  2|.........XXXXXXXXXXXXXXXXXXX.XX.........|
                         23  2|........XXXXXXXXXXXXXXXXXXXXXXX.XX......|
                          9 14|......XXXXXXXXX....XXXXXXXXXXXXXX.......|
                   11  6  8  1|....XXXXXXXXXXX....XXXXXX.XXXXXXXX.X....|
              2  6  2  2  1  8|....XX.XXXXXX.......XX.XX.X.XXXXXXXX....|
              4  4  2  1  5  5|...XXXX.XXXX..........XX.X.XXXXX.XXXXX..|
                 1  5  5  3  5|....X.XXXXX............XXXXX.XXX..XXXXX.|
              4  4  3  2  3  1|..XXXX.XXXX...............XXX.XX...XXX.X|
                 2  6  1  4  4|..XX.XXXXXX...............X.XXXX....XXXX|
              1  2  4  2  2  2|.X.XX.XXXX................XX.XX......XX.|
                    2  4  3  3|.XX.XXXX...................XXX.......XXX|
                          9  3|XXXXXXXXX............................XXX|
                          8  2|XXXXXXXX..............................XX|
                          8  3|XXXXXXXX.............................XXX|
                 9  4  3  1  1|XXXXXXXXX.........XXXX..........XXX..X.X|
                10  7  2  6  1|XXXXXXXXXX.......XXXXXXX.XX...XXXXXX.X..|
                 4  4  9  2  9|XXXX...XXXX.....XXXXXXXXX.XX.XXXXXXXXX..|
              3  4  2  7  3  8|XXX.....XXXX..XX.XXXXXXX.XXX.XXXXXXXX...|
  3  3  1  1  2  2  4  1  3  2|XXX.XXX..X.X...XX.XX..XXXX.X..XXX..XX...|
           3  1  1  1  1  3  1|XXX.X.....X.X...........X......XXX..X...|
        2  1  1  1  2  1  3  1|.XX....X...X.X........XX.......X.XXX.X..|
           2  3  1  1  3  1  1|.XX...XXX.X.X.......XXX........X.....X..|
              1  2  1  1  1  1|..X...XX...X.X.................X.....X..|
              2  1  1  1  1  1|..XX..X...X.X..................X....X...|
                 2  1  3  1  1|...XX..X...XXX..................X...X...|
                 2  1  3  1  3|....XX......X.........XXX.......X.XXX...|
           2  1  1  2  7  1  1|.....XX...X..X.......XX..XXXXXXX.X.X....|
                 2  1  1  2  2|......XX..X..X......XX............XX....|
              5  2  1  1  1  1|.......XXXXX.XX.....X..........X.X.X....|
                    6  1  7  2|.........XXXXXX........X.XXXXXXX..XX....|
                    6  4  3  1|..........XXXXXX.....XXXX......XXX.X....|
                    5  2  7  2|...........XXXXX....XX..XXXXXXX...XX....|
                 5  3  2  1  4|............XXXXX......XXX.XX..X.XXXX...|
                 8  1  3  1  3|...........XXXXXXXX.X.XXX.......X.XXX...|
              3  3  2  3  1  3|..........XXX.XXX.XX.XXX...X.....XXX....|
                       2 14  5|..........XX...XXXXXXXXXXXXXX.XXXXX.....|
                 2  3  2  1 10|..........XX...XXX.XX.X.XXXXXXXXXX......|
                    4  3  5  9|.........XXXX...XXX.XXXXX.XXXXXXXXX.....|
              1  3  5  2  5  2|.........X.XXX....XXXXX.XX.XXXXX..XX....|
                    3  3  8  2|........XXX.XXX.......XXXXXXXX.....XX...|
                       5  3  2|.......XXXXX.XXX....................XX..|
                       6  4  2|......XXXXXX.XXXX....................XX.|
                       9  4  2|....XXXXXXXXX.XXXX....................XX|
                            37|...XXXXXXXXXXXXXXXXXXXXXXXXXXXXXXXXXXXXX|
                               ----------------------------------------
