                                  33
                                  213
                          6  4   311162 2
                       6aa467444333111421
                      42222522221124112323
                      --------------------
                   11|....XXXXXXXXXXX.....|
                   17|..XXXXXXXXXXXXXXXXX.|
                   18|..XXXXXXXXXXXXXXXXXX|
              9  1  1|.XXXXXXXXX.....X...X|
              6  1  2|.XXXXXX........X..XX|
              7  1  1|.XXXXXXX....X..X....|
           3  2  2  1|.XXX..XX....XX.X....|
              3  1  1|.XXX...X........X...|
              4  1  1|.XXXX..X........X...|
              3  2  1|..XXX........XX.X...|
                 4  1|..XXXX..........X...|
                 2  5|....XX.....XXXXX....|
                 1  1|.....X.....X........|
                 2  2|....XX.....XX.......|
                 5  2|..XXXXX.....XX......|
              3  2  5|.XXX..XX....XXXXX...|
           2  2  1  2|XX.....XX....X..XX..|
           1  2  2  1|X.......XX..XX...X..|
              1  4  2|X........XXXX....XX.|
                 1  1|X.................X.|
                      --------------------
