                                2                  2         111
                        43 43  4376 1      43 43  4375 1  2 11111
                      2412611462232423211131261146223242221433ab464
                      ---------------------------------------------
           2  1  1  2|....................................XX.X.X.XX|
              3  1  3|....................................XXX.X.XXX|
           1  1  1  2|.....................................X.X.X.XX|
              2  1  3|.....................................XX.X.XXX|
           4  4  2  3|...........XXXX...............XXXX....XX.XXX.|
        4  2  4  2  6|..........XXXX.XX............XXXX.XX..XXXXXX.|
              9  8  4|..........XXXXXXXXX..........XXXXXXXX..XXXX..|
        2  5  2  4  2|.XX........XXXXX....XX........XXXX......XX...|
        3  5  3  5  2|XXX.....XXXXX......XXX.....XXXXX........XX...|
             13 11  2|XXXXXXXXXXXXX.......XXXXXXXXXXX.........XX...|
             11 10  2|.XXXXXXXXXXX.........XXXXXXXXXX.........XX...|
              7  7  2|...XXXXXXX............XXXXXXX...........XX...|
  2  2  2  2  2  2  2|....XX.XX..XX..........XX.XX..XX........XX...|
        2  5  2  5  2|...XX...XXXXX.........XX...XXXXX........XX...|
        5  3  5  3  2|..XXXXX..XXX.........XXXXX..XXX.........XX...|
                      ---------------------------------------------
