                                              1
                                           1111
                                        1 11111
                                        1211111
                            23     6 3211211311
                           2224 87 572122221111
                          743339119233713712131
                      36 5211111113112331342244
                      12a6222333445112111111111
                      -------------------------
                    6|...................XXXXXX|
                    6|..............XXXXXX.....|
                    5|............XXXXX........|
                 6  6|..........XXXXXX...XXXXXX|
                 6  3|.........XXXXXX..XXX.....|
                 8  2|.......XXXXXXXX.XX.......|
                 9  6|......XXXXXXXXX....XXXXXX|
                11  2|.....XXXXXXXXXXX..XX.....|
           2  5  2  3|....XX..XXXXX..XX.....XXX|
           2  2  4  7|...XX.XX.XXXX...XXXXXXX..|
  3  2  2  2  1  3  3|..XXX.XX.XX.XX..X.XXX.XXX|
        5  2  1  1  1|.XXXXX..XX...X..X..X.....|
        9  1  1  1  2|.XXXXXXXXX...X..X..X...XX|
        9  1  1  1  2|XXXXXXXXX....X..X..X..XX.|
     3  4  2  2  4  2|XXX.XXXX....XX.XX.XXXX.XX|
           4  2  1  2|XXXX.......XX..X..XX.....|
     4  1  1  2  2  1|.XXXX.....X.X.XX.XX.....X|
        8  1  1  1  2|..XXXXXXXX.X..X..X.....XX|
        4  1  2  2  4|XXXX......X..XX.XX...XXXX|
        4  2  1  3  2|.XXXX.......XX..X..XXX.XX|
          10  2  3  2|...XXXXXXXXXX..XX.XXX.XX.|
                11  4|.....XXXXXXXXXXX...XXXX..|
                 6  2|.......XXXXXX.......XX...|
                    6|..........XXXXXX.........|
                   10|...............XXXXXXXXXX|
                      -------------------------

