                        1
                        1
                        12
             65311  11221145
             753234543211467
             ---------------
        5  4|XXXXX......XXXX|
        3  3|XXX.........XXX|
        3  2|XXX..........XX|
        2  2|XX...........XX|
  2  3  2  1|XX.....XXX.XX.X|
        1  1|X........X.....|
           1|..........X....|
        1  2|X.........XX...|
        2  1|XX............X|
     4  2  2|XXXX......XX.XX|
        7  2|XXXXXXX......XX|
     3  4  3|XXX.XXXX....XXX|
     2  6  4|XX..XXXXXX.XXXX|
     1  5  3|X....XXXXX..XXX|
        3  3|......XXX...XXX|
             ---------------
