                                                      2
                                       111          333
                                       111       435211
                                    2112321  8 b846521124   52 11
                                   222111134 2c1141132241  523432122
                                  2622111133c222221111123966221111226
                                  -----------------------------------
                                4|.................XXXX..............|
                                6|...............XXXXXX..............|
                                7|.............XXXXXXX...............|
                                6|............XXXXXX.................|
                          5  2  1|...........XXXXX.XX......X.........|
                          4  3  4|...........XXXX...XXX...XXXX.......|
                             6  8|..........XXXXXX....XXXXXXXX.......|
                             8  7|..........XXXXXXXX..XXXXXXX........|
                            19  5|XXXXXXXXXXXXXXXXXXX...XXXXX........|
                          3 16  2|XXX......XXXXXXXXXXXXXXXX.XX.......|
                   11  2  1  2  6|...XXXXXXXXXXX..XX...X.XX..XXXXXX..|
                 2  6  3  4  3  2|..XX....XXXXXX.XXX..XXXX..XXX...XX.|
  2  2  1  2  2  1  1  1  2  1  2|.XX....XX.X.XX.XX.X..X.X.XX.X....XX|
        1  2  3  1  4  2  1  2  1|.X....XX..XXX..X.XXXX.XX.X..XX....X|
           1  2  7  3  2  1  2  1|.X...XX...XXXXXXX.XXX.XX.X...XX...X|
              1  2  1  2  1  2  1|.X...XX...X..........XX..X...XX...X|
                       1 13  1  1|.X.......XXXXXXXXXXXXX...X........X|
                       2 11  2  2|.XX..XXXXXXXXXXX.........XX......XX|
                       2  2  2  2|..XX....XX................XX....XX.|
                             6  6|...XXXXXX..................XXXXXX..|
                                  -----------------------------------
