                                    a
                               6 a  1          1
                               3 1  1   3     21   2
                               1 1  17358     1311182
                             4 1 2bb116522   315688192   2
                             142924411114b  542241114bb854 2 2
                            95411215655313ff743212111214513141
                          563331c25411221b33419122111212122111
                      24673742522223121212d111111111132222246299962
                      ---------------------------------------------
                    4|..................XXXX.......................|
                 6  6|.................XXXXXX.XXXXXX...............|
              3  5  2|................XXX.XXXXX....XX..............|
              2  5  2|................XX.XXXXX......XX.............|
                 8  1|................XXXXXXXX.......X.............|
                    6|.................XXXXXX......................|
                 4  6|..................XXXX...XXXXXX..............|
                10  6|...............XXXXXXXXXX.XXXXXX.............|
                12  9|............XXXXXXXXXXXX.XXXXXXXXX...........|
                   24|...........XXXXXXXXXXXXXXXXXXXXXXXX..........|
                14 11|..........XXXXXXXXXXXXXX.XXXXXXXXXXX.........|
                13 10|..........XXXXXXXXXXXXX...XXXXXXXXXX.........|
           8  4  8  1|.........XXXXXXXX..XXXX....XXXXXXXX.X........|
        8  4  1  8  3|........XXXXXXXX...XXXX..X.XXXXXXXX.XXX......|
        9  2  2  4  5|......XXXXXXXXX.....XX..XX....XXXX..XXXXX....|
       12  3  3  1  4|....XXXXXXXXXXXX.......XXX.....XXX.X..XXXX...|
 12  1  2  2  3  1  3|...XXXXXXXXXXXX........X.XX....XX.XXX.X.XXX..|
     6  6  2  2  8  4|..XXXXXX.XXXXXX.......XX.XX...XXXXXXXX..XXXX.|
  6  4  6  1  2  4  5|.XXXXXX...XXXX.....XXXXXX.X..XX.XXXX...XXXXX.|
     8  5  3  2  2  5|XXXXXXXX..........XXXXX.XXX...XX.XX.....XXXXX|
  4  2  2  1 13  9  8|XXXX.XX.XX.X.XXXXXXXXXXXXX.XXXXXXXXX.XXXXXXXX|
           4  5  1  4|.XXXX.XXXXX..X..........................XXXX.|
           8  1  2  5|..XXXXXXXX.X.XX........................XXXXX.|
     2  2  1  2  2  2|....XX.XX.X.XX........................XX.XX..|
        3  4  1  1  1|.....XXX.XXXX.X.......................X...X..|
              4  3  1|.....XXXX.XXX.........................X......|
           2  3  3  1|.....XX.XXX.XXX.......................X......|
        1  2  2  1  1|.....X.XX.XX.X........................X......|
           3  3  2  2|.....XXX.XXX.XX......................XX......|
              5  2  1|......XXXXX.XX.......................X.......|
        1  1  2  2  1|......X.X.XX.XX......................X.......|
              7  2  2|......XXXXXXX.XX....................XX.......|
           2  1  5  2|.......XX.X.XXXXX..................XX........|
                 9  3|........XXXXXXXXX................XXX.........|
                 9  3|..........XXXXXXXXX............XXX...........|
                 7  5|............XXXXXXX........XXXXX.............|
                 4  3|................XXXX.....XXX.................|
                 3  2|..................XXX...XX...................|
                 2  1|...................XX...X....................|
                 2  1|...................XX...X....................|
                 2  1|...................XX...X....................|
                 2  1|...................XX...X....................|
                 2  1|...................XX...X....................|
                 2  1|...................XX...X....................|
                 2  1|...................XX...X....................|
                 4  3|.................XXXX...XXX..................|
              3  2  2|...............XXX.XX.....XX.................|
        2  1  1  1  5|.............XX.X.X.X......XXXXX.............|
        5  1  1  2  5|.........XXXXX.X.X.XX..........XXXXX.........|
                   27|.........XXXXXXXXXXXXXXXXXXXXXXXXXXX.........|
                      ---------------------------------------------
