                                              6779bbaaa886662111
                                        12    111152553122441233
                                    3  14323 62214422333655357gg4 12   2 11
                                    4 76fi2161333433231143532322k1211111122
                                    1 8f11lo223332433223111262211lda11111114
                                   248511111o3g333623223271222311222765414526 3
                                   1641111132h1a9532212331342813222221115114441333
                                   13gb7547114321411131113221132211211112121233112
                                  a521212211322422343334445444565555a666675555333394
                                  --------------------------------------------------
                             3 10|.....XXX.....XXXXXXXXXX...........................|
                             2 23|...XX..XXXXXXXXXXXXXXXXXXXXXXX....................|
                          4 19  1|..XXXX..XXXXXXXXXXXXXXXXXXX...X...................|
                          5 17  3|..XXXXX..XXXXXXXXXXXXXXXXX..XXX...................|
                          6 16  4|..XXXXXX..XXXXXXXXXXXXXXXX.XXXX...................|
                             6 24|...XXXXXX.XXXXXXXXXXXXXXXXXXXXXXXX................|
                            23  5|...XXXXXXXXXXXXXXXXXXXXXXX.......XXXXX............|
                    4  8  1  3  3|..XXXX.........XXXXXXXX....X..XXX....XXX..........|
                       2 15 13  1|..XX..XXXXXXXXXXXXXXX...XXXXXXXXXXXXX...X.........|
                    1  7 16  3  1|..X.XXXXXXX.....XXXXXXXXXXXXXXXX.....XXX.X........|
                    1  6  5 10  3|..X.XXXXXX...XXXXX....XXXXXXXXXX.......XXX........|
                    1 11  3  8  3|.X.XXXXXXXXXXX....XXX...XXXXXXXX........XXX.......|
                      12  7  6  2|.XXXXXXXXXXXX...XXXXXXX...XXXXXX.........XX.......|
                    1  8 10  5  1|X..XXXXXXXX....XXXXXXXXXX..XXXXX..........X.......|
              1  9  3  2  4  4  1|X.XXXXXXXXX...XXX.XX.XXXX...XXXX..........X.......|
              1  1 13  2  4  5  1|X.X.XXXXXXXXXXXXX.XX..XXXX..XXXXX.........X.......|
                    1  1 13 11  2|X.X.XXXXXXXXXXXXX.....XXXXXXXXXXX........XX.......|
                 1  1  9  1 11  3|X.X..XXXXXXXXX....X...XXXXXXXXXXX......XXX........|
                    2  6  5  6  2|XX...XXXXXX....XXXXX.......XXXXXX....XX...........|
                 1  6  4  1  2  6|X....XXXXXX...XXXX.X...XX...XXXXXX................|
                       1 13  1 11|X...XXXXXXXXXXXXX..X...XXXXXXXXXXX................|
                          1 13 12|X...XXXXXXXXXXXXX.....XXXXXXXXXXXX................|
                    2 10  3  3  6|XX..XXXXXXXXXX......XXX.XXX.XXXXXX................|
           3  5  3  1  1  1  1  6|...XXX.XXXXX....XXX.X.X.X.X.XXXXXX................|
                 2 13  1  1  1  4|...XX.XXXXXXXXXXXXX.X.X...X...XXXX................|
                       2  1 11 11|..XX.X.XXXXXXXXXXX......XXXXXXXXXXX...............|
                 3  1  7  4  1  9|..XXX.X.XXXXXXX.....XXXX.X.XXXXXXXXX..............|
                 2  1  6  4  1  5|..XX.X.XXXXXX...XXXX.X.........XXXXX..............|
              3  1  5  5  1  4  4|..XXX.X.XXXXX..XXXXX.X....XXXX...XXXX.............|
                 3  1 11  3  2  4|..XXX..X.XXXXXXXXXXX......XXX.XX..XXXX............|
                 3  9  3  1  1  8|..XXX...XXXXXXXXX....XXX.X.X...XXXXXXXX...........|
              2  1  6  8  1  2  9|...XX..X.XXXXXX...XXXXXXXX.X.XX.XXXXXXXXX.........|
              2  1  5  6  1  1  7|...XX...X.XXXXX.XXXXXX.X...X........XXXXXXX.......|
                 3 10  1  1  8  6|...XXX...XXXXXXXXXX....X.X.XXXXXXXX...XXXXXX......|
                          3  7 24|...XXX....XXXXXXX....XXXXXXXXXXXXXXXXXXXXXXXX.....|
                       3  6 11  7|...XXX.....XXXXXX..XXXXXXXXXXX..........XXXXXXX...|
                          4 15  5|...XXXX....XXXXXXXXXXXXXXX.................XXXXX..|
                          4  7  4|...XXXX.....XXXXXXX..........................XXXX.|
                       6  3 14  2|..XXXXXX...XXX................XXXXXXXXXXXXXX...XX.|
           1  4  3  6  1  1  4  1|..X..XXXX.XXX............XXXXXX..X....X...XXXX..X.|
           2  6 10  1  1  1  1  4|.XX...XXXXXX....XXXXXXXXXX...X....X....X...X..XXXX|
     1  3  6  1  1  1  1  1  1  3|.X.....XXX.XXXXXX...X...X...X.....X.....X...X..XXX|
  1  3  1  2  1  1  1  1  1  1  2|.X......XXX..X.XX..X...X....X.....X.....X...X...XX|
  1  1  1  1  1  1  1  1  1  1  2|.X......X...X..X...X...X....X.....X....X....X...XX|
        2  1  1  1  1  1  1 10  2|.XX.....X...X..X...X...X.....X....XXXXXXXXXX...XX.|
              3  1  1  1  1  1 21|..XXX...X...X...X...X...X...XXXXXXXXXXXXXXXXXXXXX.|
                    3  1  1  1 27|....XXX..X...X...X...XXXXXXXXXXXXXXXXXXXXXXXXXXX..|
                       2  1  1 31|......XX..X..X..XXXXXXXXXXXXXXXXXXXXXXXXXXXXXXX...|
                               37|.......XXXXXXXXXXXXXXXXXXXXXXXXXXXXXXXXXXXXX......|
                               30|..........XXXXXXXXXXXXXXXXXXXXXXXXXXXXXX..........|
                                  --------------------------------------------------
