                                           22222 22
                                    22 1   2222222622
                 11 11         222223323 1213333231542
                 11 11 112222224568a8836edd222223211151
                3117114233334441333333b33333333363333121
                ----------------------------------------
          15 15|.........XXXXXXXXXXXXXXX.XXXXXXXXXXXXXXX|
          16 12|.......XXXXXXXXXXXXXXXX...XXXXXXXXXXXX..|
           3  1|..XXX...................X...............|
     1  1  1  7|.X.X.X..............XXXXXXX.............|
     1  1  1 14|X..X..X............XXXXXXXXXXXXXX.......|
           7 17|XXXXXXX...........XXXXXXXXXXXXXXXXX.....|
  1  1 14  3  2|X..X..XXXXXXXXXXXXXX....XXX......XX.....|
  1  1 16  3  2|.X.X.XXXXXXXXXXXXXXXX...XXX.......XX....|
     3 14  3  2|..XXX...XXXXXXXXXXXXXX..XXX.......XX....|
       11  3  3|............XXXXXXXXXXX.XXX.......XXX...|
             22|................XXXXXXXXXXXXXXXXXXXXXX..|
       10  6  3|.................XXXXXXXXXX.XXXXXX.XXX..|
        9  7  3|..................XXXXXXXXX.XXXXXXX.XXX.|
           8  2|...................XXXXXXXX..........XX.|
             18|....................XXXXXXXXXXXXXXXXXX..|
             13|.....................XXXXXXXXXXXXX......|
           1  1|......................X.........X.......|
             21|................XXXXXXXXXXXXXXXXXXXXX...|
             23|...............XXXXXXXXXXXXXXXXXXXXXXX..|
             21|................XXXXXXXXXXXXXXXXXXXXX...|
                ----------------------------------------
