                                    52
                              12   7221
                   23      2 211 232221
                   22  2621151225221221
                   22985541212311111126
                   --------------------
              3  3|XXX..............XXX|
              4  3|XXXX............XXX.|
        3  3  3  2|.XXX..XXX.XXX...XX..|
        2  2  3  7|..XX.XX.XXX.XXXXXXX.|
  1  4  1  1  1  7|X.XXXX.X.X.X.XXXXXXX|
        6  1  1  2|XXXXXX...X...X.XX...|
     3  1  1  1  2|.XXX.X...X...X..XX..|
     2  1  3  3  3|..XX.X..XXX.XXX.XXX.|
           6  2  2|XXXXXX........XX..XX|
           2  1  2|XX..X..........XX...|
              1  2|....X...........XX..|
              1  2|....X............XX.|
              2  2|....XX............XX|
              1  1|.....X.............X|
     1  1  2  2  1|.....X..X..XX...XX.X|
     1  1  2  1  1|.....X..X..XX....X.X|
           2  2  1|.....XX..XX........X|
           1  2  2|......X...XX......XX|
              1  8|......X....XXXXXXXX.|
              1  1|......X....X........|
                   --------------------
