                                   1
                                  12     1
                                12221121112
                            1111223131221112222  222
                         123222267761121235123322543643122121212222222 12112222
                         156789a1111a98765167achga87665555544443333435h321211114
                         -------------------------------------------------------
                       2|............................................XX.........|
                    9  3|XXXXXXXXX..................................XXX.........|
              2  6  2  1|.XX.....XXXXXX............................XX.X.........|
              2  5  2  1|..XX.........XXXXX.......................XX..X.........|
              2  3  2  3|...XX............XXX....................XX...XXX.......|
           2  4  2  1  4|....XX............XXXX.................XX....X.XXXX....|
           2  4  2  1  2|.....XX.............XXXX..............XX.....X....XX...|
           2  4  3  1  2|......XX..............XXXX..........XXX......X.....XX..|
           2  4  3  1  2|.......XX...............XXXX......XXX........X......XX.|
        2  6  3  3  1  2|........XX....XXXXXX......XXX...XXX..........X.......XX|
     2  2  2  3  2  1  1|.........XX..XX....XX......XXX.XX............X........X|
           4  1  5  1  1|..........XXXX......X......XXXXX.............X........X|
        1  1  2  4  1  6|...........X....X...XX....XXXX...............X...XXXXXX|
              2  2  4  5|..........XX.........XX.XXXX.................XXXXX.....|
                 2  6  4|.........XX..........XXXXXX.................XXXX.......|
                 1  4  3|.........X............XXXX..................XXX........|
                 5  4  2|.........XXXXX........XXXX..................XX.........|
                 3  3  1|.............XXX......XXX...................X..........|
              2  2  3  2|........XX.....XX....XXX...................XX..........|
              4  2  4  2|.......XXXX.....XX..XXXX..................XX...........|
                 6  9  2|......XXXXXX....XXXXXXXXX.................XX...........|
                 8  8  2|.....XXXXXXXX....XXXXXXXX................XX............|
                10  9  3|....XXXXXXXXXX...XXXXXXXXX..............XXX............|
                12 10  3|...XXXXXXXXXXXX..XXXXXXXXXX............XXX.............|
                14 11  5|..XXXXXXXXXXXXXX..XXXXXXXXXXX.......XXXXX..............|
                 6  6 22|.XXXXXX....XXXXXX.XXXXXXXXXXXXXXXXXXXXXX...............|
                 6  6 20|.XXXXXX....XXXXXX..XXXXXXXXXXXXXXXXXXXX................|
                 6  6 18|.XXXXXX....XXXXXX...XXXXXXXXXXXXXXXXXX.................|
                 6  6 16|.XXXXXX....XXXXXX...XXXXXXXXXXXXXXXX...................|
                   18 13|XXXXXXXXXXXXXXXXXX...XXXXXXXXXXXXX.....................|
                         -------------------------------------------------------
