                                             11
                                           2 2312
                               1      111  113233 2   3 3
                     33 5 21 114    122111d2243398326 4 5
                     145187212a311 3114111332146189335733333333
                   79536356bdb46eeicb9244669e546356gbe1d2ba72127
                   ---------------------------------------------
                12|..................XXXXXXXXXXXX...............|
           3  2  2|................XXX....XX....XX..............|
          10  1  2|.......XXXXXXXXXX......X......XX.............|
        2  5  1  3|......XX.......XXXXX...X......XXX............|
     1  1  5  1  2|......X........X...XXXXX......X.XX...........|
        4  1  8  2|......XXXX.....X.......XXXXXXXX..XX..........|
     8  1  2  1 10|.....XXXXXXXX..X....XX.X.XXXXXXXXXX..........|
        5  7  1  9|...XXXXX.XXXXXXX.......X...XXXXXXXXX.........|
        8  7  1  9|..XXXXXXXX.XXXXXXX.....X......XXXXXXXXX......|
          20  1  9|.XXXXXXXXXXXXXXXXXXXX..X.........XXXXXXXXX...|
        3  8 11  9|XXX.XXXXXXXX.XXXXXXXXXXX............XXXXXXXXX|
        2  2 20  6|XX.XX..XXXXXXXXXXXXXXXXXXXX............XXXXXX|
           4 22  3|XXXX....XXXXXXXXXXXXXXXXXXXXXX............XXX|
  2  1 11  2  7  1|XX.X....XXXXXXXXXXX..XX...XXXXXXX...........X|
  5  5  7  3  8  1|XXXXX..XXXXX.XXXXXXX..XXX...XXXXXXXX........X|
     3 16  4  9  1|XXX.XXXXXXXXXXXXXXXX..XXXX...XXXXXXXXX......X|
  5  5  7  3 12  2|XXXXX.XXXXX.XXXXXXX....XXX..XXXXXXXXXXXX...XX|
          18  8 10|.XXXXXXXXXXXXXXXXXX......XXXXXXXX.XXXXXXXXXX.|
        7  8 10  6|..XXXXXXX.XXXXXXXX.......XXXXXXXXXX.XXXXXX...|
           4  7 17|....XXXX..XXXXXXX.......XXXXXXXXXXXXXXXXX....|
        4  4  9  3|...........XXXX........XXXX.XXXXXXXXX.XXX....|
           3  2 10|.......................XXX.XX..XXXXXXXXXX....|
              5  9|.......................XXXXX....XXXXXXXXX....|
           3  1  9|.......................XXX.X....XXXXXXXXX....|
           6  6  2|.......................XXXXXX..XXXXXX.XX.....|
              4 12|.......................XXXX.XXXXXXXXXXXX.....|
           5  5  3|........................XXXXX.XXXXX.XXX......|
                13|........................XXXXXXXXXXXXX........|
                 9|.........................XXXXXXXXX...........|
                 5|...........................XXXXX.............|
                   ---------------------------------------------
