                                  2     22            2     22            2     22
                               1 73    322         1 73    322         1 73    322
                            122151253441116641211221512534411166412112215125344111664121
                            ------------------------------------------------------------
                    1  1  1|.....X...................X...................X..............|
                    3  3  3|....XXX.................XXX.................XXX.............|
                    3  3  3|....XXX.................XXX.................XXX.............|
           3  3  3  3  3  3|...XXX.....XXX.........XXX.....XXX.........XXX.....XXX......|
  2  3  7  2  3  7  2  3  7|.XX.XXX..XXXXXXX.....XX.XXX..XXXXXXX.....XX.XXX..XXXXXXX....|
          12  3 12  3 12  3|XXXXXXXXXXXX..XXX...XXXXXXXXXXXX..XXX...XXXXXXXXXXXX..XXX...|
  6  5  2  6  5  2  6  5  2|.....XXXXXX.XXXXX.XX.....XXXXXX.XXXXX.XX.....XXXXXX.XXXXX.XX|
           4  7  4  7  4  7|.......XXXX.XXXXXXX........XXXX.XXXXXXX........XXXX.XXXXXXX.|
           2  3  2  3  2  3|......XX......XXX.........XX......XXX.........XX......XXX...|
           3  5  3  5  3  5|.....XXX...XXXXX.........XXX...XXXXX.........XXX...XXXXX....|
                            ------------------------------------------------------------
