                                       67    5
                           1      11  6227 5655
                           322  21aag 8321 7611
                         235422 bd232g81148241544   4   9    c
                         3712631111113331172111994ed84bab   22
                       22a62117b21111711222111122812371928poi1
                      9hka6544252222221111111112114344433i3254
                      7778889aedc255288777877655341223579kedcc
                      ----------------------------------------
                11  9|..........XXXXXXXXXXX.XXXXXXXXX.........|
              3  7 10|........XXX...XXXXXXX.XXXXXXXXXX........|
                 2 20|.......XX....XXXXXXXXXXXXXXXXXXXX.......|
                 2 24|......XX..XXXXXXXXXXXXXXXXXXXXXXXX......|
           2 15  2  4|.....XX...XXXXXXXXXXXXXXX...XX.XXXX.....|
           1 13  3  4|....X.....XXXXXXXXXXXXX.....XXX.XXXX....|
           2  8  4 11|...XX...XXXXXXXX..XXXX...XXXXXXXXXXX....|
           3 10  1 13|..XXX.XXXXXXXXXX....X...XXXXXXXXXXXXX...|
              2 14 13|.XX..XXXXXXXXXXXXXX......XXXXXXXXXXXXX..|
           1  2 13 14|.X...XX..XXXXXXXXXXXXX...XXXXXXXXXXXXXX.|
              3  9 19|....XXX.XXXXXXXXX...XXXXXXXXXXXXXXXXXXX.|
              2 10 18|...XX..XXXXXXXXXX...XXXXXXXXXXXXXXXXXX..|
           2  6  3 19|...XX..XXXXXX.XXX..XXXXXXXXXXXXXXXXXXX..|
           9  5 10  4|...XXXXXXXXX.XXXXX.XXXXXXXXXX.......XXXX|
              6 16  4|....XXXXXX.XXXXXXXXXXXXXXXX.........XXXX|
           1  2 16  7|X...XX.XXXXXXXXXXXXXXXX..........XXXXXXX|
           1  2  3  7|X...XX.XXX.......................XXXXXXX|
              1  1  7|X....X...........................XXXXXXX|
                 2  7|XX...............................XXXXXXX|
                 2  8|XX..............................XXXXXXXX|
                 5  7|XXXXX............................XXXXXXX|
                 6  7|XXXXXX...........................XXXXXXX|
                 5  7|XXXXX............................XXXXXXX|
                 7  7|XXXXXXX..........................XXXXXXX|
                 5  6|.XXXXX............................XXXXXX|
              4  2  5|.XXXX.................XX..........XXXXX.|
        3  4  2  1  5|.XXX.........XXXX....XX.......X....XXXXX|
     3  2  3  7  2  5|.XXX.....XX...XXX....XXXXXXX.XX....XXXXX|
  3  4  4  1  2  3  4|.XXX.....XXXX..XXXX...X..XX.XXX....XXXX.|
           3  3  1  5|.XXX...XXX......X..................XXXXX|
           2  3  1  5|.XX.....XXX.....X.................XXXXX.|
           2  4  1  4|.XX......XXXX...X.................XXXX..|
              3  2  1|.XXX...........XX..................X....|
                 3  2|.XXX...........XX.......................|
           3  1  1  1|.XXX...........X.......X...............X|
              2  1  2|..XX...........X......................XX|
           2  3  2  2|..XX...........XXX...XX...............XX|
           2  5  1  2|..XX...........XXXXX.X................XX|
              2  4  2|..XX..........XXXX...................XX.|
                 3  3|..XXX...............................XXX.|
                 2  2|...XX..............................XX...|
              3  1  2|...XXX...................X.........XX...|
              2 12  1|....XX.........XXXXXXXXXXXX........X....|
           2  3  3  2|....XX.......XXX..XXX.............XX....|
                 3  2|....XXX...........................XX....|
           3  1  2  3|.....XXX........X......XX........XXX....|
           3  6  2  2|......XXX........XXXXXX.........XX.XX...|
              4  3  3|......XXXX.....................XXX.XXX..|
              4  3  5|.......XXXX...................XXX..XXXXX|
              4  5  5|........XXXX................XXXXX..XXXXX|
              6  5  5|.......XXXXXX..............XXXXX...XXXXX|
           5  3  4  6|......XXXXX.XXX............XXXX...XXXXXX|
        8  4  1  4  6|...XXXXXXXX..XXXX...X....XXXX.....XXXXXX|
             11 13  7|XXXXXXXXXXX....XXXXXXXXXXXXX.....XXXXXXX|
             13 12  7|XXXXXXXXXXXXX..XXXXXXXXXXXX......XXXXXXX|
             14 11  8|XXXXXXXXXXXXXX.XXXXXXXXXXX......XXXXXXXX|
          11  2 11  9|XXXXXXXXXXX.XX.XXXXXXXXXXX.....XXXXXXXXX|
          11  2 10 10|XXXXXXXXXXX.XX.XXXXXXXXXX.....XXXXXXXXXX|
             11 12 11|XXXXXXXXXXX.XXXXXXXXXXXX.....XXXXXXXXXXX|
          11 10  2  8|XXXXXXXXXXX..XXXXXXXXXX.....XX..XXXXXXXX|
                      ----------------------------------------
