                                                                    2      1
                                                         3          4 2    4  1
                                                        21       5  3 423221  1       21                     2
                                                     8 5632     363 223222932 311   3315232     1     a 11 2 1 3
                                                 232 3 6121514 2796356242265c27571  2112321 111 2 85  1 331117 5633
                                                 42262a3124222 b55d8774147234244292411114211453142bf242gbb3ac1222123
                                                 1181417121444d6625l252222132e23249411311112127d7h46ok5241b13262332342
                                                 171313122345561311114111111331612521311151112234411111311131121272a224
                                                 ----------------------------------------------------------------------
                                            2  8|...........XX...XXXXXXXX..............................................|
                                         1  1 12|..........X.X.XXXXXXXXXXXX............................................|
                                         1  7  5|..........X.XXXXXXX....XXXXX..........................................|
                                      1  2  2  2|..........X.XX.XX..........XX.........................................|
                                      4  1  2  2|........XXXX.X..XX..........XX........................................|
                                            8  1|......XXXXXXXX...X....................................................|
                                            3  7|......XXX...XXXXXXX...................................................|
                                         1  1  7|......X...X..XXXXXXX..................................................|
                                         2  3  8|.....XX.XXX..XXXXXXXX.................................................|
                                            3  9|....XXX......XXXXXXXXX................................................|
                                         3  6  4|...XXX.....XXXXXX.XXXX................................................|
                                      5  8  1  3|..XXXXX..XXXXXXXX.X.XXX...............................................|
                                           15  7|.XXXXXXXXXXXXXXX.XXXXXXX..............................................|
                                      2 12  5  3|XX.XXXXXXXXXXXX.XXXXX..XXX............................................|
                                     11  5  1  4|XXXXXXXXXXX..XXXXX.X....XXXX..........................................|
                                      6  5 10 11|..XXXXXX......XXXXX......XXXXXXXXXX.............XXXXXXXXXXX...........|
                                   4  5  4 22  3|....XXXX......XXXXX......XXXX....XXXXXXXXXXXXXXXXXXXXXX...XXX.........|
                       1  2  4  3  4  3  2  4  3|.....X.XX......XXXX......XXX......XXXX.XXX.......XX.XXXX....XXX.......|
                       1  2  6  2  2  3  1 10  3|......X.XX.....XXXXXX...XX.XX.....XXX...X.......XXXXXXXXXX...XXX......|
                                   2 14  6  6  4|......XX........XXXXXXXXXXXXXX................XXXXXX.XXXXXX...XXXX....|
                    1  3  4  1  5  2  5  4  2  4|......X.........XXX.XXXX.X.XXXXX......XX.....XXXXX.XXXX.XX.....XXXX...|
                                7 11  3  4  8  6|................XXXXXXX.XXXXXXXXXXX...XXX..XXXX.XXXXXXXX.......XXXXXX.|
                                4  3  3 27  1  4|.................XXXX.XXX.XXX.XXXXXXXXXXXXXXXXXXXXXXXXXXX......X..XXXX|
                    5 13  1  3  3  8  2  2  1  1|.................XXXXX.XXXXXXXXXXXXX..X...XXX.XXX.XXXXXXXX.XX.XX...X.X|
                             9  8  2 17  1  2  1|.................XXXXXXXXX.XXXXXXXX...XX...XXXXXXXXXXXXXXXXX..X...XX.X|
                       2  7  3  2  9  7  1  1  2|..................XX...XXXXXXX.XXX.....XX...XXXXXXXXX.XXXXXXX.X...X.XX|
                          1  3  6  4  2 15  2  1|..................X.....XXX.XXXXXX...XXXX....XX.XXXXXXXXXXXXXXX..XX.X.|
                             1  7  2  2  8  9  2|..................X.....XXXXXXX.XX....XX.....XXXXXXXX.XXXXXXXXX.XX....|
                                         2 10 18|..................XX.....XXXXXXXXXX.........XXXXXXXXXXXXXXXXXX........|
                                            4 36|..................XXXX....XXXXXXXXXXXXXXXXXXXXXXXXXXXXXXXXXXXX........|
                                1  1  6  2  8  9|.X..X.............XXXXXX...XX................XXXXXXXX.XXXXXXXXX.......|
                             2  1  1  7  2  7  9|.XX.X.X...........XXXXXXX...XX................XXXXXXX..XXXXXXXXX......|
                       1  3  1  5  2  1  6  4  2|..X.XXX.X........XXXXX..XX...X.................XXXXXX...XXXX...XX.....|
                       1  1  3  5  2  1  6  3  1|X.X...XXX.......XXXXX....XX..X.................XXXXXX....XXX....X.....|
                    1  1  1  1  5  1  2  6  3  2|X.X.X.X........XXXXX......X..XX.................XXXXXX.....XXX..XX....|
                       1  3  1  5  2  1  5  2  2|X.XXX.X.......XXXXX.......XX..X...................XXXXX......XX..XX...|
                       3  1  1  4  2  2  4  2  1|XXX...X.X.....XXXX.........XX.XX...................XXXX.......XX..X...|
                          1  4  4  1  2  4  1  1|..X..XXXX....XXXX...........X..XX.................XXXX.........X..X...|
                          2  1  3  2  1  4  2  1|.XX..X.......XXX............XX..X.................XXXX.........XX.X...|
                    2  2  4  2  1  4  1  1  1  1|XX..XX......XXXX.............XX.X................XXXX..X....X...X.X...|
  1  1  4  1  1  1  1  1  2  3  1  4  2  3  1  1|.X..X......XXXX.X..X.X....X...X.XX.XXX..X.......XXXX...XX.XXX...X.X...|
     1  1  4  1  3  2  1  1  2  2  5  1  1  1  2|.X..X.....XXXX..X..XXX...XX...X..X...XX.XX.....XXXXX...X...X....X.XX..|
     1  2  5  1  1  2  1  1  2  1  5  2  2  1  2|.X.XX....XXXXX.X....X.....XX..X..X..XX..X.....XXXXX...XX..XX....X.XX..|
        1  1  6  1  1  1  1  2  1  1  5  1  1  4|.X.X...XXXXXX..X....X......X..X.XX..X...X...XXXXX.....X...X....XXXX...|
                          5  6 14  5  7  5 12  5|XXXXX.XXXXXX..XXXXXXXXXXXXXX.XXXXX.XXXXXXX.XXXXX.XXXXXXXXXXXX.XXXXX...|
                                                 ----------------------------------------------------------------------
